Component: ARM Compiler 5.06 update 6 (build 750) Tool: armlink [4d35ed]

==============================================================================

Section Cross References

    startup_stm32f40_41xxx.o(RESET) refers to startup_stm32f40_41xxx.o(STACK) for __initial_sp
    startup_stm32f40_41xxx.o(RESET) refers to startup_stm32f40_41xxx.o(.text) for Reset_Handler
    startup_stm32f40_41xxx.o(RESET) refers to delay.o(i.SysTick_Handler) for SysTick_Handler
    startup_stm32f40_41xxx.o(RESET) refers to stm32f4xx_it.o(i.EXTI0_IRQHandler) for EXTI0_IRQHandler
    startup_stm32f40_41xxx.o(RESET) refers to stm32f4xx_it.o(i.EXTI2_IRQHandler) for EXTI2_IRQHandler
    startup_stm32f40_41xxx.o(RESET) refers to stm32f4xx_it.o(i.EXTI3_IRQHandler) for EXTI3_IRQHandler
    startup_stm32f40_41xxx.o(RESET) refers to stm32f4xx_it.o(i.EXTI4_IRQHandler) for EXTI4_IRQHandler
    startup_stm32f40_41xxx.o(RESET) refers to stm32f4xx_it.o(i.USART1_IRQHandler) for USART1_IRQHandler
    startup_stm32f40_41xxx.o(RESET) refers to stm32f4xx_it.o(i.USART2_IRQHandler) for USART2_IRQHandler
    startup_stm32f40_41xxx.o(.text) refers to system_stm32f4xx.o(i.SystemInit) for SystemInit
    startup_stm32f40_41xxx.o(.text) refers to entry.o(.ARM.Collect$$$$00000000) for __main
    system_stm32f4xx.o(i.SystemCoreClockUpdate) refers to system_stm32f4xx.o(.data) for SystemCoreClock
    system_stm32f4xx.o(i.SystemInit) refers to system_stm32f4xx.o(i.SetSysClock) for SetSysClock
    main.o(i.main) refers to config.o(i.LED_config) for LED_config
    main.o(i.main) refers to config.o(i.USART2_config) for USART2_config
    main.o(i.main) refers to config.o(i.EXTI_key_config) for EXTI_key_config
    main.o(i.main) refers to config.o(i.USART1_config) for USART1_config
    main.o(i.main) refers to config.o(i.BUZZER_config) for BUZZER_config
    main.o(i.main) refers to delay.o(i.delay_sys_ms) for delay_sys_ms
    main.o(i.main) refers to usart.o(i.USARTx_printf) for USARTx_printf
    main.o(i.main) refers to led.o(i.led_inversion) for led_inversion
    main.o(i.main) refers to printfb.o(i.__0printf$bare) for __2printf
    main.o(i.main) refers to delay.o(.data) for SysTick_Time
    main.o(i.main) refers to main.o(.data) for last_tick_task1
    stm32f4xx_it.o(i.USART1_IRQHandler) refers to stm32f4xx_it.o(.data) for i
    stm32f4xx_it.o(i.USART1_IRQHandler) refers to stm32f4xx_it.o(.bss) for usart1
    stm32f4xx_it.o(i.USART2_IRQHandler) refers to stm32f4xx_it.o(.data) for i
    stm32f4xx_it.o(i.USART2_IRQHandler) refers to stm32f4xx_it.o(.bss) for usart2
    config.o(i.BUZZER_config) refers to led.o(i.led_illume) for led_illume
    config.o(i.EXTI_key_config) refers to config.o(i.NVIC_GetPriorityGrouping) for NVIC_GetPriorityGrouping
    config.o(i.EXTI_key_config) refers to config.o(i.NVIC_EncodePriority) for NVIC_EncodePriority
    config.o(i.EXTI_key_config) refers to config.o(i.NVIC_SetPriority) for NVIC_SetPriority
    config.o(i.EXTI_key_config) refers to config.o(i.NVIC_EnableIRQ) for NVIC_EnableIRQ
    config.o(i.EXTI_key_config) refers to config.o(i.NVIC_ClearPendingIRQ) for NVIC_ClearPendingIRQ
    config.o(i.EXTI_ruan_config) refers to config.o(i.NVIC_GetPriorityGrouping) for NVIC_GetPriorityGrouping
    config.o(i.EXTI_ruan_config) refers to config.o(i.NVIC_EncodePriority) for NVIC_EncodePriority
    config.o(i.EXTI_ruan_config) refers to config.o(i.NVIC_SetPriority) for NVIC_SetPriority
    config.o(i.EXTI_ruan_config) refers to config.o(i.NVIC_EnableIRQ) for NVIC_EnableIRQ
    config.o(i.EXTI_ruan_config) refers to config.o(i.NVIC_ClearPendingIRQ) for NVIC_ClearPendingIRQ
    config.o(i.LED_config) refers to led.o(i.led_illume) for led_illume
    config.o(i.USART1_config) refers to dfltui.o(.text) for __aeabi_ui2d
    config.o(i.USART1_config) refers to ddiv.o(.text) for __aeabi_ddiv
    config.o(i.USART1_config) refers to dmul.o(.text) for __aeabi_dmul
    config.o(i.USART1_config) refers to dfixui.o(.text) for __aeabi_d2uiz
    config.o(i.USART1_config) refers to config.o(i.NVIC_GetPriorityGrouping) for NVIC_GetPriorityGrouping
    config.o(i.USART1_config) refers to config.o(i.NVIC_EncodePriority) for NVIC_EncodePriority
    config.o(i.USART1_config) refers to config.o(i.NVIC_SetPriority) for NVIC_SetPriority
    config.o(i.USART1_config) refers to config.o(i.NVIC_EnableIRQ) for NVIC_EnableIRQ
    config.o(i.USART1_config) refers to config.o(i.NVIC_ClearPendingIRQ) for NVIC_ClearPendingIRQ
    config.o(i.USART1_config) refers to system_stm32f4xx.o(.data) for SystemCoreClock
    config.o(i.USART2_config) refers to dfltui.o(.text) for __aeabi_ui2d
    config.o(i.USART2_config) refers to ddiv.o(.text) for __aeabi_ddiv
    config.o(i.USART2_config) refers to dmul.o(.text) for __aeabi_dmul
    config.o(i.USART2_config) refers to dfixui.o(.text) for __aeabi_d2uiz
    config.o(i.USART2_config) refers to config.o(i.NVIC_GetPriorityGrouping) for NVIC_GetPriorityGrouping
    config.o(i.USART2_config) refers to config.o(i.NVIC_EncodePriority) for NVIC_EncodePriority
    config.o(i.USART2_config) refers to config.o(i.NVIC_SetPriority) for NVIC_SetPriority
    config.o(i.USART2_config) refers to config.o(i.NVIC_EnableIRQ) for NVIC_EnableIRQ
    config.o(i.USART2_config) refers to config.o(i.NVIC_ClearPendingIRQ) for NVIC_ClearPendingIRQ
    config.o(i.USART2_config) refers to system_stm32f4xx.o(.data) for SystemCoreClock
    delay.o(i.SysTick_Handler) refers to delay.o(.data) for SysTick_Time
    delay.o(i.delay_com_ms) refers to system_stm32f4xx.o(.data) for SystemCoreClock
    delay.o(i.delay_com_us) refers to system_stm32f4xx.o(.data) for SystemCoreClock
    delay.o(i.delay_nop_ms) refers to delay.o(i.delay_nop_us) for delay_nop_us
    delay.o(i.delay_nop_us) refers to delay.o(i.delay_nop_1us) for delay_nop_1us
    delay.o(i.delay_sys_ms) refers to delay.o(i.NVIC_SetPriority) for NVIC_SetPriority
    delay.o(i.delay_sys_ms) refers to system_stm32f4xx.o(.data) for SystemCoreClock
    delay.o(i.delay_sys_us) refers to delay.o(i.NVIC_GetPriorityGrouping) for NVIC_GetPriorityGrouping
    delay.o(i.delay_sys_us) refers to delay.o(i.NVIC_EncodePriority) for NVIC_EncodePriority
    delay.o(i.delay_sys_us) refers to delay.o(i.NVIC_SetPriority) for NVIC_SetPriority
    delay.o(i.delay_sys_us) refers to system_stm32f4xx.o(.data) for SystemCoreClock
    delay.o(i.delay_sys_us) refers to delay.o(.data) for Sys_time
    delay.o(i.delay_sys_us) refers to delay.o(.bss) for time_slice
    delay.o(i.set_time) refers to delay.o(i.NVIC_GetPriorityGrouping) for NVIC_GetPriorityGrouping
    delay.o(i.set_time) refers to delay.o(i.NVIC_EncodePriority) for NVIC_EncodePriority
    delay.o(i.set_time) refers to delay.o(i.NVIC_SetPriority) for NVIC_SetPriority
    delay.o(i.set_time) refers to delay.o(.bss) for time_slice
    delay.o(i.set_time) refers to system_stm32f4xx.o(.data) for SystemCoreClock
    led.o(i.led_while_glint) refers to led.o(i.led_inversion) for led_inversion
    usart.o(i.USARTx_printf) refers to usart.o(i.send_data) for send_data
    usart.o(i.USARTx_send) refers to usart.o(i.send_data) for send_data
    entry.o(.ARM.Collect$$$$00000000) refers (Special) to entry10a.o(.ARM.Collect$$$$0000000D) for __rt_final_cpp
    entry.o(.ARM.Collect$$$$00000000) refers (Special) to entry11a.o(.ARM.Collect$$$$0000000F) for __rt_final_exit
    entry.o(.ARM.Collect$$$$00000000) refers (Special) to entry7b.o(.ARM.Collect$$$$00000008) for _main_clock
    entry.o(.ARM.Collect$$$$00000000) refers (Special) to entry8b.o(.ARM.Collect$$$$0000000A) for _main_cpp_init
    entry.o(.ARM.Collect$$$$00000000) refers (Special) to entry9a.o(.ARM.Collect$$$$0000000B) for _main_init
    entry.o(.ARM.Collect$$$$00000000) refers (Special) to entry5.o(.ARM.Collect$$$$00000004) for _main_scatterload
    entry.o(.ARM.Collect$$$$00000000) refers (Special) to entry2.o(.ARM.Collect$$$$00000001) for _main_stk
    printfb.o(i.__0fprintf$bare) refers to printfb.o(i._printf_core) for _printf_core
    printfb.o(i.__0fprintf$bare) refers to usart.o(i.fputc) for fputc
    printfb.o(i.__0printf$bare) refers to printfb.o(i._printf_core) for _printf_core
    printfb.o(i.__0printf$bare) refers to usart.o(i.fputc) for fputc
    printfb.o(i.__0printf$bare) refers to stdout.o(.data) for __stdout
    printfb.o(i.__0snprintf$bare) refers to printfb.o(i._printf_core) for _printf_core
    printfb.o(i.__0snprintf$bare) refers to printfb.o(i._snputc) for _snputc
    printfb.o(i.__0sprintf$bare) refers to printfb.o(i._printf_core) for _printf_core
    printfb.o(i.__0sprintf$bare) refers to printfb.o(i._sputc) for _sputc
    printfb.o(i.__0vfprintf$bare) refers to printfb.o(i._printf_core) for _printf_core
    printfb.o(i.__0vfprintf$bare) refers to usart.o(i.fputc) for fputc
    printfb.o(i.__0vprintf$bare) refers to printfb.o(i._printf_core) for _printf_core
    printfb.o(i.__0vprintf$bare) refers to usart.o(i.fputc) for fputc
    printfb.o(i.__0vprintf$bare) refers to stdout.o(.data) for __stdout
    printfb.o(i.__0vsnprintf$bare) refers to printfb.o(i._printf_core) for _printf_core
    printfb.o(i.__0vsnprintf$bare) refers to printfb.o(i._snputc) for _snputc
    printfb.o(i.__0vsprintf$bare) refers to printfb.o(i._printf_core) for _printf_core
    printfb.o(i.__0vsprintf$bare) refers to printfb.o(i._sputc) for _sputc
    printf0.o(i.__0fprintf$0) refers to printf0.o(i._printf_core) for _printf_core
    printf0.o(i.__0fprintf$0) refers to usart.o(i.fputc) for fputc
    printf0.o(i.__0printf$0) refers to printf0.o(i._printf_core) for _printf_core
    printf0.o(i.__0printf$0) refers to usart.o(i.fputc) for fputc
    printf0.o(i.__0printf$0) refers to stdout.o(.data) for __stdout
    printf0.o(i.__0snprintf$0) refers to printf0.o(i._printf_core) for _printf_core
    printf0.o(i.__0snprintf$0) refers to printf0.o(i._snputc) for _snputc
    printf0.o(i.__0sprintf$0) refers to printf0.o(i._printf_core) for _printf_core
    printf0.o(i.__0sprintf$0) refers to printf0.o(i._sputc) for _sputc
    printf0.o(i.__0vfprintf$0) refers to printf0.o(i._printf_core) for _printf_core
    printf0.o(i.__0vfprintf$0) refers to usart.o(i.fputc) for fputc
    printf0.o(i.__0vprintf$0) refers to printf0.o(i._printf_core) for _printf_core
    printf0.o(i.__0vprintf$0) refers to usart.o(i.fputc) for fputc
    printf0.o(i.__0vprintf$0) refers to stdout.o(.data) for __stdout
    printf0.o(i.__0vsnprintf$0) refers to printf0.o(i._printf_core) for _printf_core
    printf0.o(i.__0vsnprintf$0) refers to printf0.o(i._snputc) for _snputc
    printf0.o(i.__0vsprintf$0) refers to printf0.o(i._printf_core) for _printf_core
    printf0.o(i.__0vsprintf$0) refers to printf0.o(i._sputc) for _sputc
    printf1.o(i.__0fprintf$1) refers to printf1.o(i._printf_core) for _printf_core
    printf1.o(i.__0fprintf$1) refers to usart.o(i.fputc) for fputc
    printf1.o(i.__0printf$1) refers to printf1.o(i._printf_core) for _printf_core
    printf1.o(i.__0printf$1) refers to usart.o(i.fputc) for fputc
    printf1.o(i.__0printf$1) refers to stdout.o(.data) for __stdout
    printf1.o(i.__0snprintf$1) refers to printf1.o(i._printf_core) for _printf_core
    printf1.o(i.__0snprintf$1) refers to printf1.o(i._snputc) for _snputc
    printf1.o(i.__0sprintf$1) refers to printf1.o(i._printf_core) for _printf_core
    printf1.o(i.__0sprintf$1) refers to printf1.o(i._sputc) for _sputc
    printf1.o(i.__0vfprintf$1) refers to printf1.o(i._printf_core) for _printf_core
    printf1.o(i.__0vfprintf$1) refers to usart.o(i.fputc) for fputc
    printf1.o(i.__0vprintf$1) refers to printf1.o(i._printf_core) for _printf_core
    printf1.o(i.__0vprintf$1) refers to usart.o(i.fputc) for fputc
    printf1.o(i.__0vprintf$1) refers to stdout.o(.data) for __stdout
    printf1.o(i.__0vsnprintf$1) refers to printf1.o(i._printf_core) for _printf_core
    printf1.o(i.__0vsnprintf$1) refers to printf1.o(i._snputc) for _snputc
    printf1.o(i.__0vsprintf$1) refers to printf1.o(i._printf_core) for _printf_core
    printf1.o(i.__0vsprintf$1) refers to printf1.o(i._sputc) for _sputc
    printf1.o(i._printf_core) refers to uidiv.o(.text) for __aeabi_uidivmod
    printf2.o(i.__0fprintf$2) refers to printf2.o(i._printf_core) for _printf_core
    printf2.o(i.__0fprintf$2) refers to usart.o(i.fputc) for fputc
    printf2.o(i.__0printf$2) refers to printf2.o(i._printf_core) for _printf_core
    printf2.o(i.__0printf$2) refers to usart.o(i.fputc) for fputc
    printf2.o(i.__0printf$2) refers to stdout.o(.data) for __stdout
    printf2.o(i.__0snprintf$2) refers to printf2.o(i._printf_core) for _printf_core
    printf2.o(i.__0snprintf$2) refers to printf2.o(i._snputc) for _snputc
    printf2.o(i.__0sprintf$2) refers to printf2.o(i._printf_core) for _printf_core
    printf2.o(i.__0sprintf$2) refers to printf2.o(i._sputc) for _sputc
    printf2.o(i.__0vfprintf$2) refers to printf2.o(i._printf_core) for _printf_core
    printf2.o(i.__0vfprintf$2) refers to usart.o(i.fputc) for fputc
    printf2.o(i.__0vprintf$2) refers to printf2.o(i._printf_core) for _printf_core
    printf2.o(i.__0vprintf$2) refers to usart.o(i.fputc) for fputc
    printf2.o(i.__0vprintf$2) refers to stdout.o(.data) for __stdout
    printf2.o(i.__0vsnprintf$2) refers to printf2.o(i._printf_core) for _printf_core
    printf2.o(i.__0vsnprintf$2) refers to printf2.o(i._snputc) for _snputc
    printf2.o(i.__0vsprintf$2) refers to printf2.o(i._printf_core) for _printf_core
    printf2.o(i.__0vsprintf$2) refers to printf2.o(i._sputc) for _sputc
    printf3.o(i.__0fprintf$3) refers to printf3.o(i._printf_core) for _printf_core
    printf3.o(i.__0fprintf$3) refers to usart.o(i.fputc) for fputc
    printf3.o(i.__0printf$3) refers to printf3.o(i._printf_core) for _printf_core
    printf3.o(i.__0printf$3) refers to usart.o(i.fputc) for fputc
    printf3.o(i.__0printf$3) refers to stdout.o(.data) for __stdout
    printf3.o(i.__0snprintf$3) refers to printf3.o(i._printf_core) for _printf_core
    printf3.o(i.__0snprintf$3) refers to printf3.o(i._snputc) for _snputc
    printf3.o(i.__0sprintf$3) refers to printf3.o(i._printf_core) for _printf_core
    printf3.o(i.__0sprintf$3) refers to printf3.o(i._sputc) for _sputc
    printf3.o(i.__0vfprintf$3) refers to printf3.o(i._printf_core) for _printf_core
    printf3.o(i.__0vfprintf$3) refers to usart.o(i.fputc) for fputc
    printf3.o(i.__0vprintf$3) refers to printf3.o(i._printf_core) for _printf_core
    printf3.o(i.__0vprintf$3) refers to usart.o(i.fputc) for fputc
    printf3.o(i.__0vprintf$3) refers to stdout.o(.data) for __stdout
    printf3.o(i.__0vsnprintf$3) refers to printf3.o(i._printf_core) for _printf_core
    printf3.o(i.__0vsnprintf$3) refers to printf3.o(i._snputc) for _snputc
    printf3.o(i.__0vsprintf$3) refers to printf3.o(i._printf_core) for _printf_core
    printf3.o(i.__0vsprintf$3) refers to printf3.o(i._sputc) for _sputc
    printf3.o(i._printf_core) refers to uidiv.o(.text) for __aeabi_uidivmod
    printf4.o(i.__0fprintf$4) refers to printf4.o(i._printf_core) for _printf_core
    printf4.o(i.__0fprintf$4) refers to usart.o(i.fputc) for fputc
    printf4.o(i.__0printf$4) refers to printf4.o(i._printf_core) for _printf_core
    printf4.o(i.__0printf$4) refers to usart.o(i.fputc) for fputc
    printf4.o(i.__0printf$4) refers to stdout.o(.data) for __stdout
    printf4.o(i.__0snprintf$4) refers to printf4.o(i._printf_core) for _printf_core
    printf4.o(i.__0snprintf$4) refers to printf4.o(i._snputc) for _snputc
    printf4.o(i.__0sprintf$4) refers to printf4.o(i._printf_core) for _printf_core
    printf4.o(i.__0sprintf$4) refers to printf4.o(i._sputc) for _sputc
    printf4.o(i.__0vfprintf$4) refers to printf4.o(i._printf_core) for _printf_core
    printf4.o(i.__0vfprintf$4) refers to usart.o(i.fputc) for fputc
    printf4.o(i.__0vprintf$4) refers to printf4.o(i._printf_core) for _printf_core
    printf4.o(i.__0vprintf$4) refers to usart.o(i.fputc) for fputc
    printf4.o(i.__0vprintf$4) refers to stdout.o(.data) for __stdout
    printf4.o(i.__0vsnprintf$4) refers to printf4.o(i._printf_core) for _printf_core
    printf4.o(i.__0vsnprintf$4) refers to printf4.o(i._snputc) for _snputc
    printf4.o(i.__0vsprintf$4) refers to printf4.o(i._printf_core) for _printf_core
    printf4.o(i.__0vsprintf$4) refers to printf4.o(i._sputc) for _sputc
    printf4.o(i._printf_core) refers to uldiv.o(.text) for __aeabi_uldivmod
    printf5.o(i.__0fprintf$5) refers to printf5.o(i._printf_core) for _printf_core
    printf5.o(i.__0fprintf$5) refers to usart.o(i.fputc) for fputc
    printf5.o(i.__0printf$5) refers to printf5.o(i._printf_core) for _printf_core
    printf5.o(i.__0printf$5) refers to usart.o(i.fputc) for fputc
    printf5.o(i.__0printf$5) refers to stdout.o(.data) for __stdout
    printf5.o(i.__0snprintf$5) refers to printf5.o(i._printf_core) for _printf_core
    printf5.o(i.__0snprintf$5) refers to printf5.o(i._snputc) for _snputc
    printf5.o(i.__0sprintf$5) refers to printf5.o(i._printf_core) for _printf_core
    printf5.o(i.__0sprintf$5) refers to printf5.o(i._sputc) for _sputc
    printf5.o(i.__0vfprintf$5) refers to printf5.o(i._printf_core) for _printf_core
    printf5.o(i.__0vfprintf$5) refers to usart.o(i.fputc) for fputc
    printf5.o(i.__0vprintf$5) refers to printf5.o(i._printf_core) for _printf_core
    printf5.o(i.__0vprintf$5) refers to usart.o(i.fputc) for fputc
    printf5.o(i.__0vprintf$5) refers to stdout.o(.data) for __stdout
    printf5.o(i.__0vsnprintf$5) refers to printf5.o(i._printf_core) for _printf_core
    printf5.o(i.__0vsnprintf$5) refers to printf5.o(i._snputc) for _snputc
    printf5.o(i.__0vsprintf$5) refers to printf5.o(i._printf_core) for _printf_core
    printf5.o(i.__0vsprintf$5) refers to printf5.o(i._sputc) for _sputc
    printf5.o(i._printf_core) refers to uldiv.o(.text) for __aeabi_uldivmod
    printf6.o(i.__0fprintf$6) refers to printf6.o(i._printf_core) for _printf_core
    printf6.o(i.__0fprintf$6) refers to usart.o(i.fputc) for fputc
    printf6.o(i.__0printf$6) refers to printf6.o(i._printf_core) for _printf_core
    printf6.o(i.__0printf$6) refers to usart.o(i.fputc) for fputc
    printf6.o(i.__0printf$6) refers to stdout.o(.data) for __stdout
    printf6.o(i.__0snprintf$6) refers to printf6.o(i._printf_core) for _printf_core
    printf6.o(i.__0snprintf$6) refers to printf6.o(i._snputc) for _snputc
    printf6.o(i.__0sprintf$6) refers to printf6.o(i._printf_core) for _printf_core
    printf6.o(i.__0sprintf$6) refers to printf6.o(i._sputc) for _sputc
    printf6.o(i.__0vfprintf$6) refers to printf6.o(i._printf_core) for _printf_core
    printf6.o(i.__0vfprintf$6) refers to usart.o(i.fputc) for fputc
    printf6.o(i.__0vprintf$6) refers to printf6.o(i._printf_core) for _printf_core
    printf6.o(i.__0vprintf$6) refers to usart.o(i.fputc) for fputc
    printf6.o(i.__0vprintf$6) refers to stdout.o(.data) for __stdout
    printf6.o(i.__0vsnprintf$6) refers to printf6.o(i._printf_core) for _printf_core
    printf6.o(i.__0vsnprintf$6) refers to printf6.o(i._snputc) for _snputc
    printf6.o(i.__0vsprintf$6) refers to printf6.o(i._printf_core) for _printf_core
    printf6.o(i.__0vsprintf$6) refers to printf6.o(i._sputc) for _sputc
    printf6.o(i._printf_core) refers to printf6.o(i._printf_pre_padding) for _printf_pre_padding
    printf6.o(i._printf_core) refers to uidiv.o(.text) for __aeabi_uidivmod
    printf6.o(i._printf_core) refers to printf6.o(i._printf_post_padding) for _printf_post_padding
    printf7.o(i.__0fprintf$7) refers to printf7.o(i._printf_core) for _printf_core
    printf7.o(i.__0fprintf$7) refers to usart.o(i.fputc) for fputc
    printf7.o(i.__0printf$7) refers to printf7.o(i._printf_core) for _printf_core
    printf7.o(i.__0printf$7) refers to usart.o(i.fputc) for fputc
    printf7.o(i.__0printf$7) refers to stdout.o(.data) for __stdout
    printf7.o(i.__0snprintf$7) refers to printf7.o(i._printf_core) for _printf_core
    printf7.o(i.__0snprintf$7) refers to printf7.o(i._snputc) for _snputc
    printf7.o(i.__0sprintf$7) refers to printf7.o(i._printf_core) for _printf_core
    printf7.o(i.__0sprintf$7) refers to printf7.o(i._sputc) for _sputc
    printf7.o(i.__0vfprintf$7) refers to printf7.o(i._printf_core) for _printf_core
    printf7.o(i.__0vfprintf$7) refers to usart.o(i.fputc) for fputc
    printf7.o(i.__0vprintf$7) refers to printf7.o(i._printf_core) for _printf_core
    printf7.o(i.__0vprintf$7) refers to usart.o(i.fputc) for fputc
    printf7.o(i.__0vprintf$7) refers to stdout.o(.data) for __stdout
    printf7.o(i.__0vsnprintf$7) refers to printf7.o(i._printf_core) for _printf_core
    printf7.o(i.__0vsnprintf$7) refers to printf7.o(i._snputc) for _snputc
    printf7.o(i.__0vsprintf$7) refers to printf7.o(i._printf_core) for _printf_core
    printf7.o(i.__0vsprintf$7) refers to printf7.o(i._sputc) for _sputc
    printf7.o(i._printf_core) refers to printf7.o(i._printf_pre_padding) for _printf_pre_padding
    printf7.o(i._printf_core) refers to uldiv.o(.text) for __aeabi_uldivmod
    printf7.o(i._printf_core) refers to printf7.o(i._printf_post_padding) for _printf_post_padding
    printf8.o(i.__0fprintf$8) refers to printf8.o(i._printf_core) for _printf_core
    printf8.o(i.__0fprintf$8) refers to usart.o(i.fputc) for fputc
    printf8.o(i.__0printf$8) refers to printf8.o(i._printf_core) for _printf_core
    printf8.o(i.__0printf$8) refers to usart.o(i.fputc) for fputc
    printf8.o(i.__0printf$8) refers to stdout.o(.data) for __stdout
    printf8.o(i.__0snprintf$8) refers to printf8.o(i._printf_core) for _printf_core
    printf8.o(i.__0snprintf$8) refers to printf8.o(i._snputc) for _snputc
    printf8.o(i.__0sprintf$8) refers to printf8.o(i._printf_core) for _printf_core
    printf8.o(i.__0sprintf$8) refers to printf8.o(i._sputc) for _sputc
    printf8.o(i.__0vfprintf$8) refers to printf8.o(i._printf_core) for _printf_core
    printf8.o(i.__0vfprintf$8) refers to usart.o(i.fputc) for fputc
    printf8.o(i.__0vprintf$8) refers to printf8.o(i._printf_core) for _printf_core
    printf8.o(i.__0vprintf$8) refers to usart.o(i.fputc) for fputc
    printf8.o(i.__0vprintf$8) refers to stdout.o(.data) for __stdout
    printf8.o(i.__0vsnprintf$8) refers to printf8.o(i._printf_core) for _printf_core
    printf8.o(i.__0vsnprintf$8) refers to printf8.o(i._snputc) for _snputc
    printf8.o(i.__0vsprintf$8) refers to printf8.o(i._printf_core) for _printf_core
    printf8.o(i.__0vsprintf$8) refers to printf8.o(i._sputc) for _sputc
    printf8.o(i._printf_core) refers to printf8.o(i._printf_pre_padding) for _printf_pre_padding
    printf8.o(i._printf_core) refers to uldiv.o(.text) for __aeabi_uldivmod
    printf8.o(i._printf_core) refers to printf8.o(i._printf_post_padding) for _printf_post_padding
    printfa.o(i.__0fprintf) refers (Special) to iusefp.o(.text) for __I$use$fp
    printfa.o(i.__0fprintf) refers to printfa.o(i._printf_core) for _printf_core
    printfa.o(i.__0fprintf) refers to usart.o(i.fputc) for fputc
    printfa.o(i.__0printf) refers (Special) to iusefp.o(.text) for __I$use$fp
    printfa.o(i.__0printf) refers to printfa.o(i._printf_core) for _printf_core
    printfa.o(i.__0printf) refers to usart.o(i.fputc) for fputc
    printfa.o(i.__0printf) refers to stdout.o(.data) for __stdout
    printfa.o(i.__0snprintf) refers (Special) to iusefp.o(.text) for __I$use$fp
    printfa.o(i.__0snprintf) refers to printfa.o(i._printf_core) for _printf_core
    printfa.o(i.__0snprintf) refers to printfa.o(i._snputc) for _snputc
    printfa.o(i.__0sprintf) refers (Special) to iusefp.o(.text) for __I$use$fp
    printfa.o(i.__0sprintf) refers to printfa.o(i._printf_core) for _printf_core
    printfa.o(i.__0sprintf) refers to printfa.o(i._sputc) for _sputc
    printfa.o(i.__0vfprintf) refers (Special) to iusefp.o(.text) for __I$use$fp
    printfa.o(i.__0vfprintf) refers to printfa.o(i._printf_core) for _printf_core
    printfa.o(i.__0vfprintf) refers to usart.o(i.fputc) for fputc
    printfa.o(i.__0vprintf) refers (Special) to iusefp.o(.text) for __I$use$fp
    printfa.o(i.__0vprintf) refers to printfa.o(i._printf_core) for _printf_core
    printfa.o(i.__0vprintf) refers to usart.o(i.fputc) for fputc
    printfa.o(i.__0vprintf) refers to stdout.o(.data) for __stdout
    printfa.o(i.__0vsnprintf) refers (Special) to iusefp.o(.text) for __I$use$fp
    printfa.o(i.__0vsnprintf) refers to printfa.o(i._printf_core) for _printf_core
    printfa.o(i.__0vsnprintf) refers to printfa.o(i._snputc) for _snputc
    printfa.o(i.__0vsprintf) refers (Special) to iusefp.o(.text) for __I$use$fp
    printfa.o(i.__0vsprintf) refers to printfa.o(i._printf_core) for _printf_core
    printfa.o(i.__0vsprintf) refers to printfa.o(i._sputc) for _sputc
    printfa.o(i._fp_digits) refers (Special) to iusefp.o(.text) for __I$use$fp
    printfa.o(i._fp_digits) refers to dmul.o(.text) for __aeabi_dmul
    printfa.o(i._fp_digits) refers to ddiv.o(.text) for __aeabi_ddiv
    printfa.o(i._fp_digits) refers to cdrcmple.o(.text) for __aeabi_cdrcmple
    printfa.o(i._fp_digits) refers to dadd.o(.text) for __aeabi_dadd
    printfa.o(i._fp_digits) refers to dfixul.o(.text) for __aeabi_d2ulz
    printfa.o(i._fp_digits) refers to uldiv.o(.text) for __aeabi_uldivmod
    printfa.o(i._printf_core) refers (Special) to iusefp.o(.text) for __I$use$fp
    printfa.o(i._printf_core) refers to printfa.o(i._printf_pre_padding) for _printf_pre_padding
    printfa.o(i._printf_core) refers to uldiv.o(.text) for __aeabi_uldivmod
    printfa.o(i._printf_core) refers to printfa.o(i._printf_post_padding) for _printf_post_padding
    printfa.o(i._printf_core) refers to printfa.o(i._fp_digits) for _fp_digits
    printfa.o(i._printf_core) refers to uidiv.o(.text) for __aeabi_uidivmod
    printfa.o(i._printf_post_padding) refers (Special) to iusefp.o(.text) for __I$use$fp
    printfa.o(i._printf_pre_padding) refers (Special) to iusefp.o(.text) for __I$use$fp
    printfa.o(i._snputc) refers (Special) to iusefp.o(.text) for __I$use$fp
    printfa.o(i._sputc) refers (Special) to iusefp.o(.text) for __I$use$fp
    dmul.o(.text) refers (Special) to iusefp.o(.text) for __I$use$fp
    dmul.o(.text) refers to depilogue.o(.text) for _double_epilogue
    ddiv.o(.text) refers (Special) to iusefp.o(.text) for __I$use$fp
    ddiv.o(.text) refers to depilogue.o(.text) for _double_round
    dfltui.o(.text) refers (Special) to iusefp.o(.text) for __I$use$fp
    dfltui.o(.text) refers to depilogue.o(.text) for _double_epilogue
    dfixui.o(.text) refers (Special) to iusefp.o(.text) for __I$use$fp
    dfixui.o(.text) refers to llushr.o(.text) for __aeabi_llsr
    entry2.o(.ARM.Collect$$$$00000001) refers to entry2.o(.ARM.Collect$$$$00002712) for __lit__00000000
    entry2.o(.ARM.Collect$$$$00002712) refers to startup_stm32f40_41xxx.o(STACK) for __initial_sp
    entry2.o(__vectab_stack_and_reset_area) refers to startup_stm32f40_41xxx.o(STACK) for __initial_sp
    entry2.o(__vectab_stack_and_reset_area) refers to entry.o(.ARM.Collect$$$$00000000) for __main
    entry5.o(.ARM.Collect$$$$00000004) refers to init.o(.text) for __scatterload
    entry9a.o(.ARM.Collect$$$$0000000B) refers to main.o(i.main) for main
    entry9b.o(.ARM.Collect$$$$0000000C) refers to main.o(i.main) for main
    uldiv.o(.text) refers to llushr.o(.text) for __aeabi_llsr
    uldiv.o(.text) refers to llshl.o(.text) for __aeabi_llsl
    depilogue.o(.text) refers to llshl.o(.text) for __aeabi_llsl
    depilogue.o(.text) refers to llushr.o(.text) for __aeabi_llsr
    dadd.o(.text) refers to llshl.o(.text) for __aeabi_llsl
    dadd.o(.text) refers to llsshr.o(.text) for __aeabi_lasr
    dadd.o(.text) refers to depilogue.o(.text) for _double_epilogue
    dfixul.o(.text) refers to llushr.o(.text) for __aeabi_llsr
    dfixul.o(.text) refers to llshl.o(.text) for __aeabi_llsl
    init.o(.text) refers to entry5.o(.ARM.Collect$$$$00000004) for __main_after_scatterload


==============================================================================

Removing Unused input sections from the image.

    Removing startup_stm32f40_41xxx.o(HEAP), (512 bytes).
    Removing system_stm32f4xx.o(.rev16_text), (4 bytes).
    Removing system_stm32f4xx.o(.revsh_text), (4 bytes).
    Removing system_stm32f4xx.o(.rrx_text), (6 bytes).
    Removing system_stm32f4xx.o(i.SystemCoreClockUpdate), (192 bytes).
    Removing main.o(.rev16_text), (4 bytes).
    Removing main.o(.revsh_text), (4 bytes).
    Removing main.o(.rrx_text), (6 bytes).
    Removing main.o(i.key_while_one), (64 bytes).
    Removing stm32f4xx_it.o(.rev16_text), (4 bytes).
    Removing stm32f4xx_it.o(.revsh_text), (4 bytes).
    Removing stm32f4xx_it.o(.rrx_text), (6 bytes).
    Removing config.o(.rev16_text), (4 bytes).
    Removing config.o(.revsh_text), (4 bytes).
    Removing config.o(.rrx_text), (6 bytes).
    Removing config.o(i.EXTI_ruan_config), (112 bytes).
    Removing config.o(i.KEY_config), (72 bytes).
    Removing delay.o(.rev16_text), (4 bytes).
    Removing delay.o(.revsh_text), (4 bytes).
    Removing delay.o(.rrx_text), (6 bytes).
    Removing delay.o(i.NVIC_EncodePriority), (64 bytes).
    Removing delay.o(i.NVIC_GetPriorityGrouping), (16 bytes).
    Removing delay.o(i.delay_com_ms), (36 bytes).
    Removing delay.o(i.delay_com_us), (36 bytes).
    Removing delay.o(i.delay_nop_1us), (362 bytes).
    Removing delay.o(i.delay_nop_ms), (24 bytes).
    Removing delay.o(i.delay_nop_us), (20 bytes).
    Removing delay.o(i.delay_sys_us), (168 bytes).
    Removing delay.o(i.set_time), (120 bytes).
    Removing delay.o(.bss), (12 bytes).
    Removing key.o(.rev16_text), (4 bytes).
    Removing key.o(.revsh_text), (4 bytes).
    Removing key.o(.rrx_text), (6 bytes).
    Removing key.o(i.key_loose_while_one), (68 bytes).
    Removing key.o(i.key_press_while_always), (98 bytes).
    Removing key.o(i.key_press_while_one), (134 bytes).
    Removing key.o(i.key_pressloose_one), (70 bytes).
    Removing led.o(.rev16_text), (4 bytes).
    Removing led.o(.revsh_text), (4 bytes).
    Removing led.o(.rrx_text), (6 bytes).
    Removing led.o(i.led_while_glint), (28 bytes).
    Removing usart.o(.rev16_text), (4 bytes).
    Removing usart.o(.revsh_text), (4 bytes).
    Removing usart.o(.rrx_text), (6 bytes).
    Removing usart.o(i.USARTx_send), (28 bytes).
    Removing dadd.o(.text), (334 bytes).
    Removing dfixul.o(.text), (48 bytes).
    Removing cdrcmple.o(.text), (48 bytes).

48 unused section(s) (total 2778 bytes) removed from the image.

==============================================================================

Image Symbol Table

    Local Symbols

    Symbol Name                              Value     Ov Type        Size  Object(Section)

    ../clib/microlib/division.c              0x00000000   Number         0  uldiv.o ABSOLUTE
    ../clib/microlib/division.c              0x00000000   Number         0  uidiv.o ABSOLUTE
    ../clib/microlib/init/entry.s            0x00000000   Number         0  entry11b.o ABSOLUTE
    ../clib/microlib/init/entry.s            0x00000000   Number         0  entry7a.o ABSOLUTE
    ../clib/microlib/init/entry.s            0x00000000   Number         0  entry7b.o ABSOLUTE
    ../clib/microlib/init/entry.s            0x00000000   Number         0  entry.o ABSOLUTE
    ../clib/microlib/init/entry.s            0x00000000   Number         0  entry8a.o ABSOLUTE
    ../clib/microlib/init/entry.s            0x00000000   Number         0  entry10a.o ABSOLUTE
    ../clib/microlib/init/entry.s            0x00000000   Number         0  entry8b.o ABSOLUTE
    ../clib/microlib/init/entry.s            0x00000000   Number         0  entry9a.o ABSOLUTE
    ../clib/microlib/init/entry.s            0x00000000   Number         0  entry9b.o ABSOLUTE
    ../clib/microlib/init/entry.s            0x00000000   Number         0  entry11a.o ABSOLUTE
    ../clib/microlib/init/entry.s            0x00000000   Number         0  entry10b.o ABSOLUTE
    ../clib/microlib/init/entry.s            0x00000000   Number         0  entry2.o ABSOLUTE
    ../clib/microlib/init/entry.s            0x00000000   Number         0  entry5.o ABSOLUTE
    ../clib/microlib/longlong.c              0x00000000   Number         0  llsshr.o ABSOLUTE
    ../clib/microlib/longlong.c              0x00000000   Number         0  llushr.o ABSOLUTE
    ../clib/microlib/longlong.c              0x00000000   Number         0  llshl.o ABSOLUTE
    ../clib/microlib/printf/printf.c         0x00000000   Number         0  printf2.o ABSOLUTE
    ../clib/microlib/printf/printf.c         0x00000000   Number         0  printf5.o ABSOLUTE
    ../clib/microlib/printf/printf.c         0x00000000   Number         0  printf4.o ABSOLUTE
    ../clib/microlib/printf/printf.c         0x00000000   Number         0  printf0.o ABSOLUTE
    ../clib/microlib/printf/printf.c         0x00000000   Number         0  printf6.o ABSOLUTE
    ../clib/microlib/printf/printf.c         0x00000000   Number         0  printfb.o ABSOLUTE
    ../clib/microlib/printf/printf.c         0x00000000   Number         0  printf3.o ABSOLUTE
    ../clib/microlib/printf/printf.c         0x00000000   Number         0  printfa.o ABSOLUTE
    ../clib/microlib/printf/printf.c         0x00000000   Number         0  printf7.o ABSOLUTE
    ../clib/microlib/printf/printf.c         0x00000000   Number         0  printf1.o ABSOLUTE
    ../clib/microlib/printf/printf.c         0x00000000   Number         0  printf8.o ABSOLUTE
    ../clib/microlib/stdio/streams.c         0x00000000   Number         0  stdout.o ABSOLUTE
    ../clib/microlib/stubs.s                 0x00000000   Number         0  iusefp.o ABSOLUTE
    ../fplib/microlib/fpadd.c                0x00000000   Number         0  dadd.o ABSOLUTE
    ../fplib/microlib/fpdiv.c                0x00000000   Number         0  ddiv.o ABSOLUTE
    ../fplib/microlib/fpepilogue.c           0x00000000   Number         0  depilogue.o ABSOLUTE
    ../fplib/microlib/fpfix.c                0x00000000   Number         0  dfixui.o ABSOLUTE
    ../fplib/microlib/fpfix.c                0x00000000   Number         0  dfixul.o ABSOLUTE
    ../fplib/microlib/fpflt.c                0x00000000   Number         0  dfltui.o ABSOLUTE
    ../fplib/microlib/fpmul.c                0x00000000   Number         0  dmul.o ABSOLUTE
    ..\\api\\delay.c                         0x00000000   Number         0  delay.o ABSOLUTE
    ..\\api\\key.c                           0x00000000   Number         0  key.o ABSOLUTE
    ..\\api\\led.c                           0x00000000   Number         0  led.o ABSOLUTE
    ..\\cmsis\\system_stm32f4xx.c            0x00000000   Number         0  system_stm32f4xx.o ABSOLUTE
    ..\\user\\config.c                       0x00000000   Number         0  config.o ABSOLUTE
    ..\\user\\main.c                         0x00000000   Number         0  main.o ABSOLUTE
    ..\\user\\stm32f4xx_it.c                 0x00000000   Number         0  stm32f4xx_it.o ABSOLUTE
    ..\\user\\usart.c                        0x00000000   Number         0  usart.o ABSOLUTE
    ..\api\delay.c                           0x00000000   Number         0  delay.o ABSOLUTE
    ..\api\key.c                             0x00000000   Number         0  key.o ABSOLUTE
    ..\api\led.c                             0x00000000   Number         0  led.o ABSOLUTE
    ..\cmsis\system_stm32f4xx.c              0x00000000   Number         0  system_stm32f4xx.o ABSOLUTE
    ..\startup\startup_stm32f40_41xxx.s      0x00000000   Number         0  startup_stm32f40_41xxx.o ABSOLUTE
    ..\user\config.c                         0x00000000   Number         0  config.o ABSOLUTE
    ..\user\main.c                           0x00000000   Number         0  main.o ABSOLUTE
    ..\user\stm32f4xx_it.c                   0x00000000   Number         0  stm32f4xx_it.o ABSOLUTE
    ..\user\usart.c                          0x00000000   Number         0  usart.o ABSOLUTE
    cdrcmple.s                               0x00000000   Number         0  cdrcmple.o ABSOLUTE
    dc.s                                     0x00000000   Number         0  dc.o ABSOLUTE
    handlers.s                               0x00000000   Number         0  handlers.o ABSOLUTE
    init.s                                   0x00000000   Number         0  init.o ABSOLUTE
    RESET                                    0x08000000   Section      392  startup_stm32f40_41xxx.o(RESET)
    .ARM.Collect$$$$00000000                 0x08000188   Section        0  entry.o(.ARM.Collect$$$$00000000)
    .ARM.Collect$$$$00000001                 0x08000188   Section        4  entry2.o(.ARM.Collect$$$$00000001)
    .ARM.Collect$$$$00000004                 0x0800018c   Section        4  entry5.o(.ARM.Collect$$$$00000004)
    .ARM.Collect$$$$00000008                 0x08000190   Section        0  entry7b.o(.ARM.Collect$$$$00000008)
    .ARM.Collect$$$$0000000A                 0x08000190   Section        0  entry8b.o(.ARM.Collect$$$$0000000A)
    .ARM.Collect$$$$0000000B                 0x08000190   Section        8  entry9a.o(.ARM.Collect$$$$0000000B)
    .ARM.Collect$$$$0000000D                 0x08000198   Section        0  entry10a.o(.ARM.Collect$$$$0000000D)
    .ARM.Collect$$$$0000000F                 0x08000198   Section        0  entry11a.o(.ARM.Collect$$$$0000000F)
    .ARM.Collect$$$$00002712                 0x08000198   Section        4  entry2.o(.ARM.Collect$$$$00002712)
    __lit__00000000                          0x08000198   Data           4  entry2.o(.ARM.Collect$$$$00002712)
    .text                                    0x0800019c   Section       36  startup_stm32f40_41xxx.o(.text)
    $v0                                      0x0800019c   Number         0  startup_stm32f40_41xxx.o(.text)
    .text                                    0x080001c0   Section        0  dmul.o(.text)
    .text                                    0x080002a4   Section        0  ddiv.o(.text)
    .text                                    0x08000382   Section        0  dfltui.o(.text)
    .text                                    0x0800039c   Section        0  dfixui.o(.text)
    .text                                    0x080003ce   Section        0  llushr.o(.text)
    .text                                    0x080003ee   Section        0  depilogue.o(.text)
    .text                                    0x080003ee   Section        0  iusefp.o(.text)
    .text                                    0x080004a8   Section       36  init.o(.text)
    .text                                    0x080004cc   Section        0  llshl.o(.text)
    i.BUZZER_config                          0x080004ec   Section        0  config.o(i.BUZZER_config)
    i.EXTI0_IRQHandler                       0x08000550   Section        0  stm32f4xx_it.o(i.EXTI0_IRQHandler)
    i.EXTI2_IRQHandler                       0x0800056c   Section        0  stm32f4xx_it.o(i.EXTI2_IRQHandler)
    i.EXTI3_IRQHandler                       0x08000588   Section        0  stm32f4xx_it.o(i.EXTI3_IRQHandler)
    i.EXTI4_IRQHandler                       0x080005a4   Section        0  stm32f4xx_it.o(i.EXTI4_IRQHandler)
    i.EXTI_key_config                        0x080005c0   Section        0  config.o(i.EXTI_key_config)
    i.LED_config                             0x08000728   Section        0  config.o(i.LED_config)
    i.NVIC_ClearPendingIRQ                   0x080007b8   Section        0  config.o(i.NVIC_ClearPendingIRQ)
    NVIC_ClearPendingIRQ                     0x080007b9   Thumb Code    18  config.o(i.NVIC_ClearPendingIRQ)
    i.NVIC_EnableIRQ                         0x080007d0   Section        0  config.o(i.NVIC_EnableIRQ)
    NVIC_EnableIRQ                           0x080007d1   Thumb Code    22  config.o(i.NVIC_EnableIRQ)
    i.NVIC_EncodePriority                    0x080007e6   Section        0  config.o(i.NVIC_EncodePriority)
    NVIC_EncodePriority                      0x080007e7   Thumb Code    64  config.o(i.NVIC_EncodePriority)
    i.NVIC_GetPriorityGrouping               0x08000828   Section        0  config.o(i.NVIC_GetPriorityGrouping)
    NVIC_GetPriorityGrouping                 0x08000829   Thumb Code    10  config.o(i.NVIC_GetPriorityGrouping)
    i.NVIC_SetPriority                       0x08000838   Section        0  config.o(i.NVIC_SetPriority)
    NVIC_SetPriority                         0x08000839   Thumb Code    32  config.o(i.NVIC_SetPriority)
    i.NVIC_SetPriority                       0x08000860   Section        0  delay.o(i.NVIC_SetPriority)
    NVIC_SetPriority                         0x08000861   Thumb Code    32  delay.o(i.NVIC_SetPriority)
    i.SetSysClock                            0x08000888   Section        0  system_stm32f4xx.o(i.SetSysClock)
    SetSysClock                              0x08000889   Thumb Code   220  system_stm32f4xx.o(i.SetSysClock)
    i.SysTick_Handler                        0x08000974   Section        0  delay.o(i.SysTick_Handler)
    i.SystemInit                             0x08000984   Section        0  system_stm32f4xx.o(i.SystemInit)
    i.USART1_IRQHandler                      0x080009ec   Section        0  stm32f4xx_it.o(i.USART1_IRQHandler)
    i.USART1_config                          0x08000a40   Section        0  config.o(i.USART1_config)
    i.USART2_IRQHandler                      0x08000ba8   Section        0  stm32f4xx_it.o(i.USART2_IRQHandler)
    i.USART2_config                          0x08000c04   Section        0  config.o(i.USART2_config)
    i.USARTx_printf                          0x08000d6c   Section        0  usart.o(i.USARTx_printf)
    i.__0printf$bare                         0x08000d88   Section        0  printfb.o(i.__0printf$bare)
    i.__scatterload_copy                     0x08000d98   Section       14  handlers.o(i.__scatterload_copy)
    i.__scatterload_null                     0x08000da6   Section        2  handlers.o(i.__scatterload_null)
    i.__scatterload_zeroinit                 0x08000da8   Section       14  handlers.o(i.__scatterload_zeroinit)
    i._printf_core                           0x08000db6   Section        0  printfb.o(i._printf_core)
    _printf_core                             0x08000db7   Thumb Code    34  printfb.o(i._printf_core)
    i.delay_sys_ms                           0x08000dd8   Section        0  delay.o(i.delay_sys_ms)
    i.fputc                                  0x08000e18   Section        0  usart.o(i.fputc)
    i.led_illume                             0x08000e30   Section        0  led.o(i.led_illume)
    i.led_inversion                          0x08000e56   Section        0  led.o(i.led_inversion)
    i.main                                   0x08000e64   Section        0  main.o(i.main)
    i.send_data                              0x08000f28   Section        0  usart.o(i.send_data)
    .data                                    0x20000000   Section       20  system_stm32f4xx.o(.data)
    .data                                    0x20000014   Section        8  main.o(.data)
    last_tick_task1                          0x20000014   Data           4  main.o(.data)
    last_tick_task2                          0x20000018   Data           4  main.o(.data)
    .data                                    0x2000001c   Section        8  stm32f4xx_it.o(.data)
    i                                        0x2000001c   Data           4  stm32f4xx_it.o(.data)
    i                                        0x20000020   Data           4  stm32f4xx_it.o(.data)
    .data                                    0x20000024   Section        8  delay.o(.data)
    .data                                    0x2000002c   Section        4  stdout.o(.data)
    .bss                                     0x20000030   Section     4112  stm32f4xx_it.o(.bss)
    STACK                                    0x20001040   Section     1024  startup_stm32f40_41xxx.o(STACK)

    Global Symbols

    Symbol Name                              Value     Ov Type        Size  Object(Section)

    BuildAttributes$$THM_ISAv4$E$P$D$K$B$S$7EM$VFPi3$EXTD16$VFPS$VFMA$PE$A:L22UL41UL21$X:L11$S22US41US21$IEEE1$IW$USESV6$~STKCKD$USESV7$~SHL$OSPACE$ROPI$EBA8$MICROLIB$REQ8$PRES8$EABIv2 0x00000000   Number         0  anon$$obj.o ABSOLUTE
    __ARM_use_no_argv                        0x00000000   Number         0  main.o ABSOLUTE
    __cpp_initialize__aeabi_                  - Undefined Weak Reference
    __cxa_finalize                            - Undefined Weak Reference
    __decompress                              - Undefined Weak Reference
    _clock_init                               - Undefined Weak Reference
    _microlib_exit                            - Undefined Weak Reference
    __Vectors_Size                           0x00000188   Number         0  startup_stm32f40_41xxx.o ABSOLUTE
    __Vectors                                0x08000000   Data           4  startup_stm32f40_41xxx.o(RESET)
    __Vectors_End                            0x08000188   Data           0  startup_stm32f40_41xxx.o(RESET)
    __main                                   0x08000189   Thumb Code     0  entry.o(.ARM.Collect$$$$00000000)
    _main_stk                                0x08000189   Thumb Code     0  entry2.o(.ARM.Collect$$$$00000001)
    _main_scatterload                        0x0800018d   Thumb Code     0  entry5.o(.ARM.Collect$$$$00000004)
    __main_after_scatterload                 0x08000191   Thumb Code     0  entry5.o(.ARM.Collect$$$$00000004)
    _main_clock                              0x08000191   Thumb Code     0  entry7b.o(.ARM.Collect$$$$00000008)
    _main_cpp_init                           0x08000191   Thumb Code     0  entry8b.o(.ARM.Collect$$$$0000000A)
    _main_init                               0x08000191   Thumb Code     0  entry9a.o(.ARM.Collect$$$$0000000B)
    __rt_final_cpp                           0x08000199   Thumb Code     0  entry10a.o(.ARM.Collect$$$$0000000D)
    __rt_final_exit                          0x08000199   Thumb Code     0  entry11a.o(.ARM.Collect$$$$0000000F)
    Reset_Handler                            0x0800019d   Thumb Code     8  startup_stm32f40_41xxx.o(.text)
    NMI_Handler                              0x080001a5   Thumb Code     2  startup_stm32f40_41xxx.o(.text)
    HardFault_Handler                        0x080001a7   Thumb Code     2  startup_stm32f40_41xxx.o(.text)
    MemManage_Handler                        0x080001a9   Thumb Code     2  startup_stm32f40_41xxx.o(.text)
    BusFault_Handler                         0x080001ab   Thumb Code     2  startup_stm32f40_41xxx.o(.text)
    UsageFault_Handler                       0x080001ad   Thumb Code     2  startup_stm32f40_41xxx.o(.text)
    SVC_Handler                              0x080001af   Thumb Code     2  startup_stm32f40_41xxx.o(.text)
    DebugMon_Handler                         0x080001b1   Thumb Code     2  startup_stm32f40_41xxx.o(.text)
    PendSV_Handler                           0x080001b3   Thumb Code     2  startup_stm32f40_41xxx.o(.text)
    ADC_IRQHandler                           0x080001b7   Thumb Code     0  startup_stm32f40_41xxx.o(.text)
    CAN1_RX0_IRQHandler                      0x080001b7   Thumb Code     0  startup_stm32f40_41xxx.o(.text)
    CAN1_RX1_IRQHandler                      0x080001b7   Thumb Code     0  startup_stm32f40_41xxx.o(.text)
    CAN1_SCE_IRQHandler                      0x080001b7   Thumb Code     0  startup_stm32f40_41xxx.o(.text)
    CAN1_TX_IRQHandler                       0x080001b7   Thumb Code     0  startup_stm32f40_41xxx.o(.text)
    CAN2_RX0_IRQHandler                      0x080001b7   Thumb Code     0  startup_stm32f40_41xxx.o(.text)
    CAN2_RX1_IRQHandler                      0x080001b7   Thumb Code     0  startup_stm32f40_41xxx.o(.text)
    CAN2_SCE_IRQHandler                      0x080001b7   Thumb Code     0  startup_stm32f40_41xxx.o(.text)
    CAN2_TX_IRQHandler                       0x080001b7   Thumb Code     0  startup_stm32f40_41xxx.o(.text)
    CRYP_IRQHandler                          0x080001b7   Thumb Code     0  startup_stm32f40_41xxx.o(.text)
    DCMI_IRQHandler                          0x080001b7   Thumb Code     0  startup_stm32f40_41xxx.o(.text)
    DMA1_Stream0_IRQHandler                  0x080001b7   Thumb Code     0  startup_stm32f40_41xxx.o(.text)
    DMA1_Stream1_IRQHandler                  0x080001b7   Thumb Code     0  startup_stm32f40_41xxx.o(.text)
    DMA1_Stream2_IRQHandler                  0x080001b7   Thumb Code     0  startup_stm32f40_41xxx.o(.text)
    DMA1_Stream3_IRQHandler                  0x080001b7   Thumb Code     0  startup_stm32f40_41xxx.o(.text)
    DMA1_Stream4_IRQHandler                  0x080001b7   Thumb Code     0  startup_stm32f40_41xxx.o(.text)
    DMA1_Stream5_IRQHandler                  0x080001b7   Thumb Code     0  startup_stm32f40_41xxx.o(.text)
    DMA1_Stream6_IRQHandler                  0x080001b7   Thumb Code     0  startup_stm32f40_41xxx.o(.text)
    DMA1_Stream7_IRQHandler                  0x080001b7   Thumb Code     0  startup_stm32f40_41xxx.o(.text)
    DMA2_Stream0_IRQHandler                  0x080001b7   Thumb Code     0  startup_stm32f40_41xxx.o(.text)
    DMA2_Stream1_IRQHandler                  0x080001b7   Thumb Code     0  startup_stm32f40_41xxx.o(.text)
    DMA2_Stream2_IRQHandler                  0x080001b7   Thumb Code     0  startup_stm32f40_41xxx.o(.text)
    DMA2_Stream3_IRQHandler                  0x080001b7   Thumb Code     0  startup_stm32f40_41xxx.o(.text)
    DMA2_Stream4_IRQHandler                  0x080001b7   Thumb Code     0  startup_stm32f40_41xxx.o(.text)
    DMA2_Stream5_IRQHandler                  0x080001b7   Thumb Code     0  startup_stm32f40_41xxx.o(.text)
    DMA2_Stream6_IRQHandler                  0x080001b7   Thumb Code     0  startup_stm32f40_41xxx.o(.text)
    DMA2_Stream7_IRQHandler                  0x080001b7   Thumb Code     0  startup_stm32f40_41xxx.o(.text)
    ETH_IRQHandler                           0x080001b7   Thumb Code     0  startup_stm32f40_41xxx.o(.text)
    ETH_WKUP_IRQHandler                      0x080001b7   Thumb Code     0  startup_stm32f40_41xxx.o(.text)
    EXTI15_10_IRQHandler                     0x080001b7   Thumb Code     0  startup_stm32f40_41xxx.o(.text)
    EXTI1_IRQHandler                         0x080001b7   Thumb Code     0  startup_stm32f40_41xxx.o(.text)
    EXTI9_5_IRQHandler                       0x080001b7   Thumb Code     0  startup_stm32f40_41xxx.o(.text)
    FLASH_IRQHandler                         0x080001b7   Thumb Code     0  startup_stm32f40_41xxx.o(.text)
    FPU_IRQHandler                           0x080001b7   Thumb Code     0  startup_stm32f40_41xxx.o(.text)
    FSMC_IRQHandler                          0x080001b7   Thumb Code     0  startup_stm32f40_41xxx.o(.text)
    HASH_RNG_IRQHandler                      0x080001b7   Thumb Code     0  startup_stm32f40_41xxx.o(.text)
    I2C1_ER_IRQHandler                       0x080001b7   Thumb Code     0  startup_stm32f40_41xxx.o(.text)
    I2C1_EV_IRQHandler                       0x080001b7   Thumb Code     0  startup_stm32f40_41xxx.o(.text)
    I2C2_ER_IRQHandler                       0x080001b7   Thumb Code     0  startup_stm32f40_41xxx.o(.text)
    I2C2_EV_IRQHandler                       0x080001b7   Thumb Code     0  startup_stm32f40_41xxx.o(.text)
    I2C3_ER_IRQHandler                       0x080001b7   Thumb Code     0  startup_stm32f40_41xxx.o(.text)
    I2C3_EV_IRQHandler                       0x080001b7   Thumb Code     0  startup_stm32f40_41xxx.o(.text)
    OTG_FS_IRQHandler                        0x080001b7   Thumb Code     0  startup_stm32f40_41xxx.o(.text)
    OTG_FS_WKUP_IRQHandler                   0x080001b7   Thumb Code     0  startup_stm32f40_41xxx.o(.text)
    OTG_HS_EP1_IN_IRQHandler                 0x080001b7   Thumb Code     0  startup_stm32f40_41xxx.o(.text)
    OTG_HS_EP1_OUT_IRQHandler                0x080001b7   Thumb Code     0  startup_stm32f40_41xxx.o(.text)
    OTG_HS_IRQHandler                        0x080001b7   Thumb Code     0  startup_stm32f40_41xxx.o(.text)
    OTG_HS_WKUP_IRQHandler                   0x080001b7   Thumb Code     0  startup_stm32f40_41xxx.o(.text)
    PVD_IRQHandler                           0x080001b7   Thumb Code     0  startup_stm32f40_41xxx.o(.text)
    RCC_IRQHandler                           0x080001b7   Thumb Code     0  startup_stm32f40_41xxx.o(.text)
    RTC_Alarm_IRQHandler                     0x080001b7   Thumb Code     0  startup_stm32f40_41xxx.o(.text)
    RTC_WKUP_IRQHandler                      0x080001b7   Thumb Code     0  startup_stm32f40_41xxx.o(.text)
    SDIO_IRQHandler                          0x080001b7   Thumb Code     0  startup_stm32f40_41xxx.o(.text)
    SPI1_IRQHandler                          0x080001b7   Thumb Code     0  startup_stm32f40_41xxx.o(.text)
    SPI2_IRQHandler                          0x080001b7   Thumb Code     0  startup_stm32f40_41xxx.o(.text)
    SPI3_IRQHandler                          0x080001b7   Thumb Code     0  startup_stm32f40_41xxx.o(.text)
    TAMP_STAMP_IRQHandler                    0x080001b7   Thumb Code     0  startup_stm32f40_41xxx.o(.text)
    TIM1_BRK_TIM9_IRQHandler                 0x080001b7   Thumb Code     0  startup_stm32f40_41xxx.o(.text)
    TIM1_CC_IRQHandler                       0x080001b7   Thumb Code     0  startup_stm32f40_41xxx.o(.text)
    TIM1_TRG_COM_TIM11_IRQHandler            0x080001b7   Thumb Code     0  startup_stm32f40_41xxx.o(.text)
    TIM1_UP_TIM10_IRQHandler                 0x080001b7   Thumb Code     0  startup_stm32f40_41xxx.o(.text)
    TIM2_IRQHandler                          0x080001b7   Thumb Code     0  startup_stm32f40_41xxx.o(.text)
    TIM3_IRQHandler                          0x080001b7   Thumb Code     0  startup_stm32f40_41xxx.o(.text)
    TIM4_IRQHandler                          0x080001b7   Thumb Code     0  startup_stm32f40_41xxx.o(.text)
    TIM5_IRQHandler                          0x080001b7   Thumb Code     0  startup_stm32f40_41xxx.o(.text)
    TIM6_DAC_IRQHandler                      0x080001b7   Thumb Code     0  startup_stm32f40_41xxx.o(.text)
    TIM7_IRQHandler                          0x080001b7   Thumb Code     0  startup_stm32f40_41xxx.o(.text)
    TIM8_BRK_TIM12_IRQHandler                0x080001b7   Thumb Code     0  startup_stm32f40_41xxx.o(.text)
    TIM8_CC_IRQHandler                       0x080001b7   Thumb Code     0  startup_stm32f40_41xxx.o(.text)
    TIM8_TRG_COM_TIM14_IRQHandler            0x080001b7   Thumb Code     0  startup_stm32f40_41xxx.o(.text)
    TIM8_UP_TIM13_IRQHandler                 0x080001b7   Thumb Code     0  startup_stm32f40_41xxx.o(.text)
    UART4_IRQHandler                         0x080001b7   Thumb Code     0  startup_stm32f40_41xxx.o(.text)
    UART5_IRQHandler                         0x080001b7   Thumb Code     0  startup_stm32f40_41xxx.o(.text)
    USART3_IRQHandler                        0x080001b7   Thumb Code     0  startup_stm32f40_41xxx.o(.text)
    USART6_IRQHandler                        0x080001b7   Thumb Code     0  startup_stm32f40_41xxx.o(.text)
    WWDG_IRQHandler                          0x080001b7   Thumb Code     0  startup_stm32f40_41xxx.o(.text)
    __aeabi_dmul                             0x080001c1   Thumb Code   228  dmul.o(.text)
    __aeabi_ddiv                             0x080002a5   Thumb Code   222  ddiv.o(.text)
    __aeabi_ui2d                             0x08000383   Thumb Code    26  dfltui.o(.text)
    __aeabi_d2uiz                            0x0800039d   Thumb Code    50  dfixui.o(.text)
    __aeabi_llsr                             0x080003cf   Thumb Code    32  llushr.o(.text)
    _ll_ushift_r                             0x080003cf   Thumb Code     0  llushr.o(.text)
    __I$use$fp                               0x080003ef   Thumb Code     0  iusefp.o(.text)
    _double_round                            0x080003ef   Thumb Code    30  depilogue.o(.text)
    _double_epilogue                         0x0800040d   Thumb Code   156  depilogue.o(.text)
    __scatterload                            0x080004a9   Thumb Code    28  init.o(.text)
    __scatterload_rt2                        0x080004a9   Thumb Code     0  init.o(.text)
    __aeabi_llsl                             0x080004cd   Thumb Code    30  llshl.o(.text)
    _ll_shift_l                              0x080004cd   Thumb Code     0  llshl.o(.text)
    BUZZER_config                            0x080004ed   Thumb Code    90  config.o(i.BUZZER_config)
    EXTI0_IRQHandler                         0x08000551   Thumb Code    24  stm32f4xx_it.o(i.EXTI0_IRQHandler)
    EXTI2_IRQHandler                         0x0800056d   Thumb Code    24  stm32f4xx_it.o(i.EXTI2_IRQHandler)
    EXTI3_IRQHandler                         0x08000589   Thumb Code    24  stm32f4xx_it.o(i.EXTI3_IRQHandler)
    EXTI4_IRQHandler                         0x080005a5   Thumb Code    24  stm32f4xx_it.o(i.EXTI4_IRQHandler)
    EXTI_key_config                          0x080005c1   Thumb Code   340  config.o(i.EXTI_key_config)
    LED_config                               0x08000729   Thumb Code   136  config.o(i.LED_config)
    SysTick_Handler                          0x08000975   Thumb Code    12  delay.o(i.SysTick_Handler)
    SystemInit                               0x08000985   Thumb Code    88  system_stm32f4xx.o(i.SystemInit)
    USART1_IRQHandler                        0x080009ed   Thumb Code    68  stm32f4xx_it.o(i.USART1_IRQHandler)
    USART1_config                            0x08000a41   Thumb Code   324  config.o(i.USART1_config)
    USART2_IRQHandler                        0x08000ba9   Thumb Code    72  stm32f4xx_it.o(i.USART2_IRQHandler)
    USART2_config                            0x08000c05   Thumb Code   328  config.o(i.USART2_config)
    USARTx_printf                            0x08000d6d   Thumb Code    26  usart.o(i.USARTx_printf)
    __0printf$bare                           0x08000d89   Thumb Code     8  printfb.o(i.__0printf$bare)
    __1printf$bare                           0x08000d89   Thumb Code     0  printfb.o(i.__0printf$bare)
    __2printf                                0x08000d89   Thumb Code     0  printfb.o(i.__0printf$bare)
    __scatterload_copy                       0x08000d99   Thumb Code    14  handlers.o(i.__scatterload_copy)
    __scatterload_null                       0x08000da7   Thumb Code     2  handlers.o(i.__scatterload_null)
    __scatterload_zeroinit                   0x08000da9   Thumb Code    14  handlers.o(i.__scatterload_zeroinit)
    delay_sys_ms                             0x08000dd9   Thumb Code    60  delay.o(i.delay_sys_ms)
    fputc                                    0x08000e19   Thumb Code    20  usart.o(i.fputc)
    led_illume                               0x08000e31   Thumb Code    38  led.o(i.led_illume)
    led_inversion                            0x08000e57   Thumb Code    12  led.o(i.led_inversion)
    main                                     0x08000e65   Thumb Code   142  main.o(i.main)
    send_data                                0x08000f29   Thumb Code    16  usart.o(i.send_data)
    Region$$Table$$Base                      0x08000f38   Number         0  anon$$obj.o(Region$$Table)
    Region$$Table$$Limit                     0x08000f58   Number         0  anon$$obj.o(Region$$Table)
    SystemCoreClock                          0x20000000   Data           4  system_stm32f4xx.o(.data)
    AHBPrescTable                            0x20000004   Data          16  system_stm32f4xx.o(.data)
    SysTick_Time                             0x20000024   Data           4  delay.o(.data)
    Sys_time                                 0x20000028   Data           4  delay.o(.data)
    __stdout                                 0x2000002c   Data           4  stdout.o(.data)
    usart1                                   0x20000030   Data        2056  stm32f4xx_it.o(.bss)
    usart2                                   0x20000838   Data        2056  stm32f4xx_it.o(.bss)
    __initial_sp                             0x20001440   Data           0  startup_stm32f40_41xxx.o(STACK)



==============================================================================

Memory Map of the image

  Image Entry point : 0x08000189

  Load Region LR_IROM1 (Base: 0x08000000, Size: 0x00000f88, Max: 0x00100000, ABSOLUTE)

    Execution Region ER_IROM1 (Exec base: 0x08000000, Load base: 0x08000000, Size: 0x00000f58, Max: 0x00100000, ABSOLUTE)

    Exec Addr    Load Addr    Size         Type   Attr      Idx    E Section Name        Object

    0x08000000   0x08000000   0x00000188   Data   RO            3    RESET               startup_stm32f40_41xxx.o
    0x08000188   0x08000188   0x00000000   Code   RO          523  * .ARM.Collect$$$$00000000  mc_w.l(entry.o)
    0x08000188   0x08000188   0x00000004   Code   RO          794    .ARM.Collect$$$$00000001  mc_w.l(entry2.o)
    0x0800018c   0x0800018c   0x00000004   Code   RO          797    .ARM.Collect$$$$00000004  mc_w.l(entry5.o)
    0x08000190   0x08000190   0x00000000   Code   RO          799    .ARM.Collect$$$$00000008  mc_w.l(entry7b.o)
    0x08000190   0x08000190   0x00000000   Code   RO          801    .ARM.Collect$$$$0000000A  mc_w.l(entry8b.o)
    0x08000190   0x08000190   0x00000008   Code   RO          802    .ARM.Collect$$$$0000000B  mc_w.l(entry9a.o)
    0x08000198   0x08000198   0x00000000   Code   RO          804    .ARM.Collect$$$$0000000D  mc_w.l(entry10a.o)
    0x08000198   0x08000198   0x00000000   Code   RO          806    .ARM.Collect$$$$0000000F  mc_w.l(entry11a.o)
    0x08000198   0x08000198   0x00000004   Code   RO          795    .ARM.Collect$$$$00002712  mc_w.l(entry2.o)
    0x0800019c   0x0800019c   0x00000024   Code   RO            4    .text               startup_stm32f40_41xxx.o
    0x080001c0   0x080001c0   0x000000e4   Code   RO          786    .text               mf_w.l(dmul.o)
    0x080002a4   0x080002a4   0x000000de   Code   RO          788    .text               mf_w.l(ddiv.o)
    0x08000382   0x08000382   0x0000001a   Code   RO          790    .text               mf_w.l(dfltui.o)
    0x0800039c   0x0800039c   0x00000032   Code   RO          792    .text               mf_w.l(dfixui.o)
    0x080003ce   0x080003ce   0x00000020   Code   RO          813    .text               mc_w.l(llushr.o)
    0x080003ee   0x080003ee   0x00000000   Code   RO          815    .text               mc_w.l(iusefp.o)
    0x080003ee   0x080003ee   0x000000ba   Code   RO          816    .text               mf_w.l(depilogue.o)
    0x080004a8   0x080004a8   0x00000024   Code   RO          824    .text               mc_w.l(init.o)
    0x080004cc   0x080004cc   0x0000001e   Code   RO          826    .text               mc_w.l(llshl.o)
    0x080004ea   0x080004ea   0x00000002   PAD
    0x080004ec   0x080004ec   0x00000064   Code   RO          210    i.BUZZER_config     config.o
    0x08000550   0x08000550   0x0000001c   Code   RO          149    i.EXTI0_IRQHandler  stm32f4xx_it.o
    0x0800056c   0x0800056c   0x0000001c   Code   RO          150    i.EXTI2_IRQHandler  stm32f4xx_it.o
    0x08000588   0x08000588   0x0000001c   Code   RO          151    i.EXTI3_IRQHandler  stm32f4xx_it.o
    0x080005a4   0x080005a4   0x0000001c   Code   RO          152    i.EXTI4_IRQHandler  stm32f4xx_it.o
    0x080005c0   0x080005c0   0x00000168   Code   RO          211    i.EXTI_key_config   config.o
    0x08000728   0x08000728   0x00000090   Code   RO          214    i.LED_config        config.o
    0x080007b8   0x080007b8   0x00000018   Code   RO          215    i.NVIC_ClearPendingIRQ  config.o
    0x080007d0   0x080007d0   0x00000016   Code   RO          216    i.NVIC_EnableIRQ    config.o
    0x080007e6   0x080007e6   0x00000040   Code   RO          217    i.NVIC_EncodePriority  config.o
    0x08000826   0x08000826   0x00000002   PAD
    0x08000828   0x08000828   0x00000010   Code   RO          218    i.NVIC_GetPriorityGrouping  config.o
    0x08000838   0x08000838   0x00000028   Code   RO          219    i.NVIC_SetPriority  config.o
    0x08000860   0x08000860   0x00000028   Code   RO          301    i.NVIC_SetPriority  delay.o
    0x08000888   0x08000888   0x000000ec   Code   RO           13    i.SetSysClock       system_stm32f4xx.o
    0x08000974   0x08000974   0x00000010   Code   RO          302    i.SysTick_Handler   delay.o
    0x08000984   0x08000984   0x00000068   Code   RO           15    i.SystemInit        system_stm32f4xx.o
    0x080009ec   0x080009ec   0x00000054   Code   RO          153    i.USART1_IRQHandler  stm32f4xx_it.o
    0x08000a40   0x08000a40   0x00000168   Code   RO          220    i.USART1_config     config.o
    0x08000ba8   0x08000ba8   0x0000005c   Code   RO          154    i.USART2_IRQHandler  stm32f4xx_it.o
    0x08000c04   0x08000c04   0x00000168   Code   RO          221    i.USART2_config     config.o
    0x08000d6c   0x08000d6c   0x0000001a   Code   RO          474    i.USARTx_printf     usart.o
    0x08000d86   0x08000d86   0x00000002   PAD
    0x08000d88   0x08000d88   0x00000010   Code   RO          527    i.__0printf$bare    mc_w.l(printfb.o)
    0x08000d98   0x08000d98   0x0000000e   Code   RO          832    i.__scatterload_copy  mc_w.l(handlers.o)
    0x08000da6   0x08000da6   0x00000002   Code   RO          833    i.__scatterload_null  mc_w.l(handlers.o)
    0x08000da8   0x08000da8   0x0000000e   Code   RO          834    i.__scatterload_zeroinit  mc_w.l(handlers.o)
    0x08000db6   0x08000db6   0x00000022   Code   RO          534    i._printf_core      mc_w.l(printfb.o)
    0x08000dd8   0x08000dd8   0x00000040   Code   RO          308    i.delay_sys_ms      delay.o
    0x08000e18   0x08000e18   0x00000018   Code   RO          476    i.fputc             usart.o
    0x08000e30   0x08000e30   0x00000026   Code   RO          438    i.led_illume        led.o
    0x08000e56   0x08000e56   0x0000000c   Code   RO          439    i.led_inversion     led.o
    0x08000e62   0x08000e62   0x00000002   PAD
    0x08000e64   0x08000e64   0x000000c4   Code   RO           75    i.main              main.o
    0x08000f28   0x08000f28   0x00000010   Code   RO          477    i.send_data         usart.o
    0x08000f38   0x08000f38   0x00000020   Data   RO          830    Region$$Table       anon$$obj.o


    Execution Region RW_IRAM1 (Exec base: 0x20000000, Load base: 0x08000f58, Size: 0x00001440, Max: 0x00020000, ABSOLUTE)

    Exec Addr    Load Addr    Size         Type   Attr      Idx    E Section Name        Object

    0x20000000   0x08000f58   0x00000014   Data   RW           16    .data               system_stm32f4xx.o
    0x20000014   0x08000f6c   0x00000008   Data   RW           76    .data               main.o
    0x2000001c   0x08000f74   0x00000008   Data   RW          156    .data               stm32f4xx_it.o
    0x20000024   0x08000f7c   0x00000008   Data   RW          312    .data               delay.o
    0x2000002c   0x08000f84   0x00000004   Data   RW          808    .data               mc_w.l(stdout.o)
    0x20000030        -       0x00001010   Zero   RW          155    .bss                stm32f4xx_it.o
    0x20001040        -       0x00000400   Zero   RW            1    STACK               startup_stm32f40_41xxx.o


==============================================================================

Image component sizes


      Code (inc. data)   RO Data    RW Data    ZI Data      Debug   Object Name

      1490        126          0          0          0      31262   config.o
       120         16          0          8          0      28803   delay.o
        50          0          0          0          0       1637   led.o
       196         54          0          8          0      26918   main.o
        36          8        392          0       1024        848   startup_stm32f40_41xxx.o
       288         52          0          8       4112       3436   stm32f4xx_it.o
       340         32          0         20          0     242997   system_stm32f4xx.o
        66          4          0          0          0       3204   usart.o

    ----------------------------------------------------------------------
      2592        292        424         44       5136     339105   Object Totals
         0          0         32          0          0          0   (incl. Generated)
         6          0          0          0          0          0   (incl. Padding)

    ----------------------------------------------------------------------

      Code (inc. data)   RO Data    RW Data    ZI Data      Debug   Library Member Name

         0          0          0          0          0          0   entry.o
         0          0          0          0          0          0   entry10a.o
         0          0          0          0          0          0   entry11a.o
         8          4          0          0          0          0   entry2.o
         4          0          0          0          0          0   entry5.o
         0          0          0          0          0          0   entry7b.o
         0          0          0          0          0          0   entry8b.o
         8          4          0          0          0          0   entry9a.o
        30          0          0          0          0          0   handlers.o
        36          8          0          0          0         68   init.o
         0          0          0          0          0          0   iusefp.o
        30          0          0          0          0         68   llshl.o
        32          0          0          0          0         68   llushr.o
        50          8          0          0          0        152   printfb.o
         0          0          0          4          0          0   stdout.o
       222          0          0          0          0        100   ddiv.o
       186          0          0          0          0        176   depilogue.o
        50          0          0          0          0         76   dfixui.o
        26          0          0          0          0         76   dfltui.o
       228          0          0          0          0         96   dmul.o

    ----------------------------------------------------------------------
       912         24          0          4          0        880   Library Totals
         2          0          0          0          0          0   (incl. Padding)

    ----------------------------------------------------------------------

      Code (inc. data)   RO Data    RW Data    ZI Data      Debug   Library Name

       198         24          0          4          0        356   mc_w.l
       712          0          0          0          0        524   mf_w.l

    ----------------------------------------------------------------------
       912         24          0          4          0        880   Library Totals

    ----------------------------------------------------------------------

==============================================================================


      Code (inc. data)   RO Data    RW Data    ZI Data      Debug   

      3504        316        424         48       5136     337473   Grand Totals
      3504        316        424         48       5136     337473   ELF Image Totals
      3504        316        424         48          0          0   ROM Totals

==============================================================================

    Total RO  Size (Code + RO Data)                 3928 (   3.84kB)
    Total RW  Size (RW Data + ZI Data)              5184 (   5.06kB)
    Total ROM Size (Code + RO Data + RW Data)       3976 (   3.88kB)

==============================================================================

